============================= test session starts =============================
platform win32 -- Python 3.14.0, pytest-9.0.2, pluggy-1.6.0
rootdir: C:\Users\Windows\Antigravity\Model_performance_eleve
plugins: anyio-4.12.1
collected 15 items

tests\test_features.py ...............                                   [100%]

============================= 15 passed in 0.52s ==============================
